
> reno-cred@0.1.0 build
> next build

node.exe : ΓÜá Warning: Next.js inferred your workspace root, but it may 
not be correct.
At line:1 char:1
+ & "C:\Program Files\nodejs/node.exe" "C:\Program Files\nodejs/node_mo ...
+ ~~~~~~~~~~~~~~~~~~~~~~~~~~~~~~~~~~~~~~~~~~~~~~~~~~~~~~~~~~~~~~~~~~~~~
    + CategoryInfo          : NotSpecified: (ΓÜá Warning: Ne...not be corr 
   ect.:String) [], RemoteException
    + FullyQualifiedErrorId : NativeCommandError
 
 We detected multiple lockfiles and selected the directory of 
C:\Users\HP\package-lock.json as the root directory.
 To silence this warning, set `turbopack.root` in your Next.js config, or 
consider removing one of the lockfiles if it's not needed.
   See https://nextjs.org/docs/app/api-reference/config/next-config-js/turb
opack#root-directory for more information.
 Detected additional lockfiles: 
   * C:\Users\HP\my-project\reno-cred\package-lock.json

Γû▓ Next.js 16.2.10 (Turbopack)

  Running TypeScript ...
  Finished TypeScript in 7.2s ...
  Creating an optimized production build ...
Error: "./base" is not exported under the condition "style" from package 
C:\Users\HP\my-project\reno-cred\node_modules\tailwindcss (see exports 
field in 
C:\Users\HP\my-project\reno-cred\node_modules\tailwindcss\package.json)
    [2m[at C:\Users\HP\my-project\reno-cred\node_modules\enhanced-resolve\
lib\ExportsFieldPlugin.js:133:7][0m
    [2m[at Hook.eval [as callAsync] (eval at create (C:\Users\HP\my-projec
t\reno-cred\node_modules\tapable\lib\HookCodeFactory.js:31:10), 
<anonymous>:22:1)][0m
    [2m[at Hook.CALL_ASYNC_DELEGATE [as _callAsync] (C:\Users\HP\my-projec
t\reno-cred\node_modules\tapable\lib\Hook.js:21:14)][0m
    [2m[at Resolver.doResolve (C:\Users\HP\my-project\reno-cred\node_modul
es\enhanced-resolve\lib\Resolver.js:1108:16)][0m
    [2m[at C:\Users\HP\my-project\reno-cred\node_modules\enhanced-resolve\
lib\DescriptionFilePlugin.js:85:17][0m
    [2m[at onLevelDone (C:\Users\HP\my-project\reno-cred\node_modules\enha
nced-resolve\lib\DescriptionFileUtils.js:186:22)][0m
    [2m[at C:\Users\HP\my-project\reno-cred\node_modules\enhanced-resolve\
lib\forEachBail.js:39:13][0m
    [2m[at onJson (C:\Users\HP\my-project\reno-cred\node_modules\enhanced-
resolve\lib\DescriptionFileUtils.js:117:4)][0m
    [2m[at C:\Users\HP\my-project\reno-cred\node_modules\enhanced-resolve\
lib\DescriptionFileUtils.js:144:5][0m
    [2m[at SyncAsyncFileSystemDecorator.readJson (C:\Users\HP\my-project\r
eno-cred\node_modules\enhanced-resolve\lib\SyncAsyncFileSystemDecorator.js:
204:6)][0m

> Build error occurred
Error: Turbopack build failed with 1 errors:
./my-project/reno-cred/styles/globals.css
Error evaluating Node.js code
CssSyntaxError: tailwindcss: 
C:\Users\HP\my-project\reno-cred\styles\globals.css:1:1: "./base" is not 
exported under the condition "style" from package 
C:\Users\HP\my-project\reno-cred\node_modules\tailwindcss (see exports 
field in 
C:\Users\HP\my-project\reno-cred\node_modules\tailwindcss\package.json)
    at Input.error 
(my-project/reno-cred/node_modules/postcss/lib/input.js:135:16) [C:\Users\H
P\my-project\reno-cred\.next\build\chunks\067d_1n2skvs._.js:4689:22]
    at error 
(my-project/reno-cred/node_modules/postcss/lib/node.js:149:32) [C:\Users\HP
\my-project\reno-cred\.next\build\chunks\067d_1n2skvs._.js:957:38]
    [at Object.Once (C:\Users\HP\my-project\reno-cred\node_modules\@tailwin
dcss\postcss\dist\index.js:10:6918)]
    [at process.processTicksAndRejections 
(node:internal/process/task_queues:105:5)]
    at async LazyResult.runAsync 
(my-project/reno-cred/node_modules/postcss/lib/lazy-result.js:293:11) [C:\U
sers\HP\my-project\reno-cred\.next\build\chunks\067d_1n2skvs._.js:6272:21]
    at async transform 
(turbopack:///[turbopack-node]/transforms/postcss.ts:70:34) [C:\Users\HP\my
-project\reno-cred\.next\build\chunks\[root-of-the-server]__0zw5vz_._.js:14
6:36]
    at async run 
(turbopack:///[turbopack-node]/child_process/evaluate.ts:89:23) [C:\Users\H
P\my-project\reno-cred\.next\build\chunks\[root-of-the-server]__0biji53._.j
s:443:31]

Import trace:
  Browser:
    ./my-project/reno-cred/styles/globals.css
    ./my-project/reno-cred/pages/_app.tsx


    at async transform 
(turbopack:///[turbopack-node]/transforms/postcss.ts:70:34) [C:\Users\HP\my
-project\reno-cred\.next\build\chunks\[root-of-the-server]__0zw5vz_._.js:14
6:36])
    at async run 
(turbopack:///[turbopack-node]/child_process/evaluate.ts:89:23) [C:\Users\H
P\my-project\reno-cred\.next\build\chunks\[root-of-the-server]__0biji53._.j
s:443:31])
